- The project is out-of-sync -- use `renv::status()` for details.
[31m

processing file: supplementary.qmd
[39m1/27                           
2/27 [setup]                   
3/27                           
4/27 [fig-si-bandwidth-order]  
5/27                           
6/27 [fig-si-bandwidth-im]     
7/27                           
8/27 [fig-si-bandwidth-summary]
9/27                           
10/27 [tbl-si-bandwidth]        
11/27                           
12/27 [fig-si-scar-counts]      
13/27                           
14/27 [fig-si-scar-order]       
15/27                           
16/27 [fig-si-scar-summary]     
17/27                           
18/27 [tbl-si-scar]             
19/27                           
20/27 [fig-si-mesh-inventory]   
21/27                           
22/27 [fig-si-mesh-order]       
23/27                           
24/27 [fig-si-mesh-summary]     
25/27                           
26/27 [tbl-si-mesh]             
27/27                           
[31moutput file: supplementary.knit.md

[39m[1mpandoc [22m
  to: docx
  output-file: supplementary.docx
  default-image-extension: png
  number-sections: false
  reference-doc: ../templates/template.docx
  
[1mmetadata[22m
  title: Supplementary Information
  subtitle: Characterizing core morphology and scar patterning within a unified spherical harmonic framework
  author:
    - Peiyuan Xiao:
        correspondence: 'no'
        orcid: 0009-0000-9733-5875
        institute:
          - ALPHA
          - UCAS
          - uw
    - Hao Li:
        correspondence: 'yes'
        email: lihao@itpcas.ac.cn
        orcid: 0009-0008-1504-9401
        institute:
          - ALPHA
          - MOE
    - Ben Marwick:
        correspondence: 'yes'
        email: bmarwick@uw.edu
        orcid: 0000-0001-7879-4531
        institute:
          - uw
  institute:
    - UCAS: 'University of Chinese Academy of Sciences, Beijing, China'
    - ALPHA: 'Alpine Paleoecology and Human Adaptation Group (ALPHA Group), State Key Laboratory of Tibetan Plateau Earth System, Environment and Resources, Institute of Tibetan Plateau Research, Chinese Academy of Sciences, Beijing, China;'
    - MOE: 'MOE Key Laboratory of Western China''s Environmental System, Center for Excellence in Archaeological Science and Cultural Heritage, Lanzhou University, Lanzhou, China'
    - uw: 'Department of Anthropology, University of Washington, Seattle, WA, USA'
  date: now
  date-format: long
  crossref:
    fig-title: Figure S
    fig-prefix: Figure S
    tbl-title: Table S
    tbl-prefix: Table S
  bibliography:
    - references.bib
  csl: ../templates/journal-of-archaeological-method-and-theory.csl
  editor_options:
    chunk_output_type: console
  
[WARNING] Citeproc: citation l6 not found
[WARNING] Citeproc: citation l8 not found
Output created: supplementary.docx

